nohup: ignoring input
INFO:slothy:SLOTHY version: unknown
INFO:slothy:Instructions in body: 317
INFO:slothy.slothy:Perform internal binary search for minimal number of stalls...
INFO:slothy.slothy:Attempt optimization with max 0 stalls...
INFO:slothy.slothy:Objective: minimize cycles
INFO:slothy.slothy:Invoking external constraint solver (OR-Tools CP-SAT v9.15.6755) ...
INFO:slothy.slothy:INFEASIBLE, wall time: 0.067384 s
INFO:slothy.slothy:Attempt optimization with max 1 stalls...
INFO:slothy.slothy:Objective: minimize cycles
INFO:slothy.slothy:Invoking external constraint solver (OR-Tools CP-SAT v9.15.6755) ...
INFO:slothy.slothy:INFEASIBLE, wall time: 0.059595 s
INFO:slothy.slothy:Attempt optimization with max 2 stalls...
INFO:slothy.slothy:Objective: minimize cycles
INFO:slothy.slothy:Invoking external constraint solver (OR-Tools CP-SAT v9.15.6755) ...
INFO:slothy.slothy:INFEASIBLE, wall time: 0.060398 s
INFO:slothy.slothy:Attempt optimization with max 4 stalls...
INFO:slothy.slothy:Objective: minimize cycles
INFO:slothy.slothy:Invoking external constraint solver (OR-Tools CP-SAT v9.15.6755) ...
INFO:slothy.slothy:INFEASIBLE, wall time: 0.059610 s
INFO:slothy.slothy:Attempt optimization with max 8 stalls...
INFO:slothy.slothy:Objective: minimize cycles
INFO:slothy.slothy:Invoking external constraint solver (OR-Tools CP-SAT v9.15.6755) ...
INFO:slothy.slothy:INFEASIBLE, wall time: 0.060626 s
INFO:slothy.slothy:Attempt optimization with max 16 stalls...
INFO:slothy.slothy:Objective: minimize cycles
INFO:slothy.slothy:Invoking external constraint solver (OR-Tools CP-SAT v9.15.6755) ...
INFO:slothy.slothy:INFEASIBLE, wall time: 0.060341 s
INFO:slothy.slothy:Attempt optimization with max 32 stalls...
INFO:slothy.slothy:Objective: minimize cycles
INFO:slothy.slothy:Invoking external constraint solver (OR-Tools CP-SAT v9.15.6755) ...
INFO:slothy.slothy:INFEASIBLE, wall time: 0.382993 s
INFO:slothy.slothy:Attempt optimization with max 64 stalls...
INFO:slothy.slothy:Objective: minimize cycles
INFO:slothy.slothy:Invoking external constraint solver (OR-Tools CP-SAT v9.15.6755) ...
INFO:slothy.slothy:INFEASIBLE, wall time: 0.384766 s
INFO:slothy.slothy:Attempt optimization with max 128 stalls...
INFO:slothy.slothy:Objective: minimize cycles
INFO:slothy.slothy:Invoking external constraint solver (OR-Tools CP-SAT v9.15.6755) ...
INFO:slothy.slothy:[18639.9979s]: Found 1 solutions so far... objective (minimize cycles): currently  (Cycles ~ 168.0, IPC ~ 1.89), bound  (Cycles ~ 63.0, IPC ~ 5.03)
INFO:slothy.slothy:[18732.1657s]: Found 2 solutions so far... objective (minimize cycles): currently  (Cycles ~ 167.0, IPC ~ 1.90), bound  (Cycles ~ 63.0, IPC ~ 5.03)
